:20:STARTUMSE
:25:00000000/0000000010
:28C:00009/001
:60F:C260831EUR18240,55
:61:2609010901D1190,00NTRFNONREF
:86:105?00LASTSCHRIFT?20SEPA-Lastschrift Miete 09/2?21026 Mandat LHV-0042?32LINDWURM HOEFE VERWALTUNG G
:61:2609120912D30,00NTRFNONREF
:86:106?00UEBERWEISUNG?20FORMFLOW.EXAMPLE DUBLIN Kar?21te ****0010?32VISA DEBIT
:61:2609140914D25,91NTRFNONREF
:86:106?00UEBERWEISUNG?20MEETNOTE.EXAMPLE USD 30,00 ?21Kurs 1,1580 Karte ****0010?32VISA DEBIT
:61:2609150915C1071,00NTRFNONREF
:86:166?00GUTSCHRIFT?20JWL-1031?32FERN SAMPLE STUDIO GMBH
:61:2609160916D1797,00NTRFNONREF
:86:116?00UEBERWEISUNG?20CC-26-0903-12?32CIRCUIT + CO.
:61:2609180918C1200,00NTRFNONREF
:86:166?00GUTSCHRIFT?20Invoice JWL-1032?32MOSS TRAINING COLLECTIVE
:61:2609200920D285,60NTRFNONREF
:86:116?00UEBERWEISUNG?20Rechnung SP-2026-0815 Buchh?21altung 08/2026?32SAMPLE + PARTNER STEUERBERA
:61:2609240924D89,90NTRFNONREF
:86:116?00UEBERWEISUNG?20KK-O-55102 KABELKISTE ONLIN?21E?32PAYLATER DEMO GMBH
:61:2609240924C800,00NTRFNONREF
:86:166?00GUTSCHRIFT?20JWL-1033?32ESTUDIO EJEMPLO SL
:61:2609250925D64,99NTRFNONREF
:86:106?00UEBERWEISUNG?20MARKTPLATZ DEMO*7Q2X Karte ?21****0010?32VISA DEBIT
:61:2609290929C1434,90NTRFNONREF
:86:166?00GUTSCHRIFT?20Rechnung JWL-1034 Cedar Dem?21o Analytics?32CEDAR GROUP SERVICES GMBH
:61:2610010930C1271,68NTRFNONREF
:86:166?00GUTSCHRIFT?20INV JWL-1035 GBP 1.100,00 K?21urs 0,8650?32HARBOUR LANE CONSULTING LTD
:61:2609300930D15,00NTRFNONREF
:86:805?00UEBERWEISUNG?20Entgelt Auslandszahlungsein?21gang SWIFT?32ALPENBANK DEMO AG
:61:2609300930D12,90NTRFNONREF
:86:805?00UEBERWEISUNG?20Kontoführung 09/2026?32ALPENBANK DEMO AG
:62F:C260930EUR20506,83
-
